[www.greenparkcbse.co.in/index.html]
[backblue.gif]
[fade.gif]
[index.html]
[www.greenparkcbse.co.in/assets/images/favicon.png]
[www.greenparkcbse.co.in/assets/css/vendor/bootstrap.min.css]
[www.greenparkcbse.co.in/assets/css/vendor/icomoon.css]
[www.greenparkcbse.co.in/assets/css/vendor/remixicon.css]
[www.greenparkcbse.co.in/assets/css/vendor/magnifypopup.min.css]
[www.greenparkcbse.co.in/assets/css/vendor/odometer.min.css]
[www.greenparkcbse.co.in/assets/css/vendor/lightbox.min.css]
[www.greenparkcbse.co.in/assets/css/vendor/animation.min.css]
[www.greenparkcbse.co.in/assets/css/vendor/jqueru-ui-min.css]
[www.greenparkcbse.co.in/assets/css/vendor/swiper-bundle.min.css]
[www.greenparkcbse.co.in/assets/css/vendor/tipped.min.css]
[www.greenparkcbse.co.in/adm2025.jpg]
[www.greenparkcbse.co.in/assets/css/app.css]
[www.greenparkcbse.co.in/index-2.html]
[www.greenparkcbse.co.in/assets/images/logo/logo.png]
[www.greenparkcbse.co.in/sh.html]
[www.greenparkcbse.co.in/management.html]
[www.greenparkcbse.co.in/inf.html]
[www.greenparkcbse.co.in/teach.html]
[www.greenparkcbse.co.in/SARAS CBSE-1.pdf]
[www.greenparkcbse.co.in/achive.html]
[www.greenparkcbse.co.in/adm.html]
[www.greenparkcbse.co.in/gallery.html]
[www.greenparkcbse.co.in/news.html]
[www.greenparkcbse.co.in/contact.html]
[www.greenparkcbse.co.in/index-3.html]
[www.greenparkcbse.co.in/assets/images/logo/logo-dark.png]
[www.greenparkcbse.co.in/assets/images/logo/logo-white.png]
[www.greenparkcbse.co.in/2024-2025/index24.html]
[www.greenparkcbse.co.in/assets/images/banner/kid-3.webp]
[www.greenparkcbse.co.in/assets/images/banner/kid-4.webp]
[www.greenparkcbse.co.in/assets/images/banner/icon-3.png]
[www.greenparkcbse.co.in/assets/images/banner/icon-1.png]
[www.greenparkcbse.co.in/assets/images/banner/icon-5.png]
[www.greenparkcbse.co.in/assets/images/banner/icon-2.png]
[www.greenparkcbse.co.in/assets/images/banner/icon-4.png]
[www.greenparkcbse.co.in/assets/images/about/shape-25.png]
[www.greenparkcbse.co.in/assets/images/about/shape-13.png]
[www.greenparkcbse.co.in/assets/images/about/about-09.jpg]
[www.greenparkcbse.co.in/assets/images/about/shape-11.png]
[www.greenparkcbse.co.in/assets/images/about/shape-12.png]
[www.greenparkcbse.co.in/assets/images/about/faq-08.jpg]
[www.greenparkcbse.co.in/assets/js/vendor/modernizr.min.js]
[www.greenparkcbse.co.in/assets/js/vendor/jquery.min.js]
[www.greenparkcbse.co.in/assets/js/vendor/bootstrap.min.js]
[www.greenparkcbse.co.in/assets/js/vendor/sal.min.js]
[www.greenparkcbse.co.in/assets/js/vendor/backtotop.min.js]
[www.greenparkcbse.co.in/assets/js/vendor/magnifypopup.min.js]
[www.greenparkcbse.co.in/assets/js/vendor/jquery.countdown.min.js]
[www.greenparkcbse.co.in/assets/js/vendor/odometer.min.js]
[www.greenparkcbse.co.in/assets/js/vendor/isotop.min.js]
[www.greenparkcbse.co.in/assets/js/vendor/imageloaded.min.js]
[www.greenparkcbse.co.in/assets/js/vendor/lightbox.min.js]
[www.greenparkcbse.co.in/assets/js/vendor/paralax.min.js]
[www.greenparkcbse.co.in/assets/js/vendor/paralax-scroll.min.js]
[www.greenparkcbse.co.in/assets/js/vendor/jquery-ui.min.js]
[www.greenparkcbse.co.in/assets/js/vendor/swiper-bundle.min.js]
[www.greenparkcbse.co.in/assets/js/vendor/svg-inject.min.js]
[www.greenparkcbse.co.in/assets/js/vendor/vivus.min.js]
[www.greenparkcbse.co.in/assets/js/vendor/tipped.min.js]
[www.greenparkcbse.co.in/assets/js/vendor/smooth-scroll.min.js]
[www.greenparkcbse.co.in/assets/js/vendor/isInViewport.jquery.min.js]
[www.greenparkcbse.co.in/assets/js/app.js]
[www.greenparkcbse.co.in/cdn-cgi/scripts/7d0fa10a/cloudflare-static/rocket-loader.min.js]
[www.greenparkcbse.co.in/index.html]
[www.greenparkcbse.co.in/assets/css/vendor/bootstrap.min.css]
[www.greenparkcbse.co.in/cdn-cgi/challenge-platform/h/g/scripts/jsd/f3b948d8acb8/maind41d.js]
[www.greenparkcbse.co.in/assets/fonts/icomoon44784478.eot]
[www.greenparkcbse.co.in/assets/fonts/icomoon44784478.ttf]
[www.greenparkcbse.co.in/assets/fonts/icomoon44784478.woff]
[www.greenparkcbse.co.in/assets/css/vendor/icomoon.css]
[www.greenparkcbse.co.in/assets/fonts/icomoon44784478.svg]
[www.greenparkcbse.co.in/assets/fonts/remixicondf6ddf6d.eot]
[www.greenparkcbse.co.in/assets/fonts/remixicondf6ddf6d.woff2]
[www.greenparkcbse.co.in/assets/fonts/remixicondf6ddf6d.woff]
[www.greenparkcbse.co.in/assets/fonts/remixicondf6ddf6d.ttf]
[www.greenparkcbse.co.in/assets/css/vendor/remixicon.css]
[www.greenparkcbse.co.in/assets/css/vendor/magnifypopup.min.css]
[www.greenparkcbse.co.in/assets/css/vendor/odometer.min.css]
[www.greenparkcbse.co.in/assets/fonts/remixicondf6ddf6d.svg]
[www.greenparkcbse.co.in/assets/images/icons/lgd641d641.eot]
[www.greenparkcbse.co.in/assets/images/icons/lgd41dd41d.eot]
[www.greenparkcbse.co.in/assets/images/icons/lgd641d641.woff]
[www.greenparkcbse.co.in/assets/images/icons/lgd641d641.ttf]
[www.greenparkcbse.co.in/assets/css/fonts/lgd641d641.html]
[www.greenparkcbse.co.in/assets/images/icons/vimeo-play.html]
[www.greenparkcbse.co.in/assets/images/icons/video-play.html]
[www.greenparkcbse.co.in/assets/images/icons/youtube-play.html]
[www.greenparkcbse.co.in/assets/images/icons/loading.gif]
[www.greenparkcbse.co.in/assets/css/vendor/lightbox.min.css]
[www.greenparkcbse.co.in/assets/css/vendor/animation.min.css]
[www.greenparkcbse.co.in/assets/css/vendor/images/ui-bg_inset-hard_100_fcfdfd_1x100.html]
[www.greenparkcbse.co.in/assets/css/vendor/images/ui-bg_gloss-wave_55_5c9ccc_500x100.html]
[www.greenparkcbse.co.in/assets/css/vendor/images/ui-bg_glass_85_dfeffc_1x400.html]
[www.greenparkcbse.co.in/assets/css/vendor/images/ui-bg_glass_75_d0e5f5_1x400.html]
[www.greenparkcbse.co.in/assets/css/vendor/images/ui-bg_inset-hard_100_f5f8f9_1x100.html]
[www.greenparkcbse.co.in/assets/css/vendor/images/ui-bg_glass_95_fef1ec_1x400.html]
[www.greenparkcbse.co.in/assets/css/vendor/images/ui-icons_469bdd_256x240.html]
[www.greenparkcbse.co.in/assets/css/vendor/images/ui-icons_d8e7f3_256x240.html]
[www.greenparkcbse.co.in/assets/css/vendor/images/ui-icons_6da8d5_256x240.html]
[www.greenparkcbse.co.in/assets/css/vendor/images/ui-icons_217bc0_256x240.html]
[www.greenparkcbse.co.in/assets/css/vendor/images/ui-icons_f9bd01_256x240.html]
[www.greenparkcbse.co.in/assets/css/vendor/images/ui-icons_2e83ff_256x240.html]
[www.greenparkcbse.co.in/assets/css/vendor/jqueru-ui-min.css]
[www.greenparkcbse.co.in/assets/css/vendor/swiper-bundle.min.css]
[www.greenparkcbse.co.in/assets/css/vendor/tipped.min.css]
[www.greenparkcbse.co.in/assets/css/vendor/images/ui-icons_cd0a0a_256x240.html]
[www.greenparkcbse.co.in/fonts.googleapis.com/css2b5e7b5e7.css]
[www.greenparkcbse.co.in/assets/images/bg/bg-image-1.png]
[www.greenparkcbse.co.in/assets/images/bg/bg-image-2.jpg]
[www.greenparkcbse.co.in/assets/images/bg/bg-image-9.png]
[www.greenparkcbse.co.in/assets/images/bg/bg-image-14.jpg]
[www.greenparkcbse.co.in/assets/images/bg/bg-image-17.webp]
[www.greenparkcbse.co.in/assets/images/bg/bg-image-19.webp]
[www.greenparkcbse.co.in/assets/images/bg/bg-image-21.webp]
[www.greenparkcbse.co.in/assets/images/icons/arrow-icon.png]
[www.greenparkcbse.co.in/assets/images/bg/bg-image-3.webp]
[www.greenparkcbse.co.in/assets/images/about/shape-32.png]
[www.greenparkcbse.co.in/assets/images/bg/bg-image-20.svg]
[www.greenparkcbse.co.in/assets/images/bg/bg-image-37.webp]
[www.greenparkcbse.co.in/assets/images/cta/cta.svg]
[www.greenparkcbse.co.in/assets/images/bg/bg-image-4.svg]
[www.greenparkcbse.co.in/assets/images/bg/bg-image-33.webp]
[www.greenparkcbse.co.in/assets/images/cta/h-4-cta-compressed.webp]
[www.greenparkcbse.co.in/assets/images/cta/h-4-cta.svg]
[www.greenparkcbse.co.in/assets/images/bg/cta-bg-imgae-07.png]
[www.greenparkcbse.co.in/assets/images/bg/bg-image-4.webp]
[www.greenparkcbse.co.in/assets/images/others/mask-06.png]
[www.greenparkcbse.co.in/assets/images/bg/bg-image-6.svg]
[www.greenparkcbse.co.in/assets/images/others/mask-05.png]
[www.greenparkcbse.co.in/assets/images/bg/bg-image-5.svg]
[www.greenparkcbse.co.in/assets/images/bg/bg-image-10.webp]
[www.greenparkcbse.co.in/assets/images/others/mask-09.png]
[www.greenparkcbse.co.in/assets/images/others/map-shape-1.png]
[www.greenparkcbse.co.in/assets/images/others/mask-08.png]
[www.greenparkcbse.co.in/assets/images/others/mask-07.png]
[www.greenparkcbse.co.in/assets/images/bg/bg-image-27.png]
[www.greenparkcbse.co.in/assets/images/banner/BG-1.webp]
[www.greenparkcbse.co.in/assets/images/bg/bg-image-1.svg]
[www.greenparkcbse.co.in/assets/images/others/mask-01.png]
[www.greenparkcbse.co.in/assets/images/bg/bg-image-18.webp]
[www.greenparkcbse.co.in/assets/images/others/mask-02.webp]
[www.greenparkcbse.co.in/assets/images/others/mask-03.webp]
[www.greenparkcbse.co.in/assets/images/preview/courses.webp]
[www.greenparkcbse.co.in/assets/images/bg/preview-course-bg.jpg]
[www.greenparkcbse.co.in/assets/images/bg/bg-image-24.jpg]
[www.greenparkcbse.co.in/assets/images/bg/bg-image-25.jpg]
[www.greenparkcbse.co.in/assets/images/preview/inner-demo.webp]
[www.greenparkcbse.co.in/assets/images/bg/bg-image-29.png]
[www.greenparkcbse.co.in/assets/images/others/mask-04.png]
[www.greenparkcbse.co.in/assets/images/testimonial/shape-1.png]
[www.greenparkcbse.co.in/assets/images/bg/h8-testimonial-bg.svg]
[www.greenparkcbse.co.in/assets/images/testimonial/testimonial-1.svg]
[www.greenparkcbse.co.in/assets/images/testimonial/testimonial-2.svg]
[www.greenparkcbse.co.in/assets/images/bg/bg-image-13.png]
[www.greenparkcbse.co.in/assets/images/bg/bg-image-22.png]
[www.greenparkcbse.co.in/assets/images/bg/bg-image-32.webp]
[www.greenparkcbse.co.in/assets/images/bg/wave-banner.svg]
[www.greenparkcbse.co.in/assets/images/bg/features-bg-1.svg]
[www.greenparkcbse.co.in/assets/images/bg/features-bg-2.svg]
[www.greenparkcbse.co.in/assets/images/bg/features-bg-3.svg]
[www.greenparkcbse.co.in/assets/images/bg/features-bg-4.svg]
[www.greenparkcbse.co.in/assets/images/bg/testimonial-wave-bg.png]
[www.greenparkcbse.co.in/assets/images/bg/bg-image-35.webp]
[www.greenparkcbse.co.in/assets/images/bg/bg-image-38.webp]
[www.greenparkcbse.co.in/assets/images/bg/bg-image-36.webp]
[www.greenparkcbse.co.in/assets/images/cta/cta-banner-remote.webp]
[www.greenparkcbse.co.in/assets/images/others/shape-19.png]
[www.greenparkcbse.co.in/assets/images/others/shape-20.png]
[www.greenparkcbse.co.in/assets/images/bg/BG-3.webp]
[www.greenparkcbse.co.in/assets/images/bg/bg-image-3.svg]
[www.greenparkcbse.co.in/assets/images/blog/shape-01.png]
[www.greenparkcbse.co.in/assets/images/bg/bg-image-2.svg]
[www.greenparkcbse.co.in/assets/images/others/shape-21.png]
[www.greenparkcbse.co.in/assets/images/bg/dark-bg-image-20.svg]
[www.greenparkcbse.co.in/assets/images/others/dark-shape-21.png]
[www.greenparkcbse.co.in/assets/images/bg/dark-bg-image-27.png]
[www.greenparkcbse.co.in/assets/images/bg/dark-bg-imgae-26.png]
[www.greenparkcbse.co.in/assets/images/icons/Down-Arrow.png]
[www.greenparkcbse.co.in/assets/css/app.css]
[www.greenparkcbse.co.in/index-2.html]
[www.greenparkcbse.co.in/SARAS CBSE.pdf]
[www.greenparkcbse.co.in/assets/images/about/shape-15.png]
[www.greenparkcbse.co.in/assets/images/about/shape-07.png]
[www.greenparkcbse.co.in/assets/images/event/event-22.jpg]
[www.greenparkcbse.co.in/sh.html]
[www.greenparkcbse.co.in/assets/images/about/2025m1.jpg]
[www.greenparkcbse.co.in/assets/images/about/2025m2.jpg]
[www.greenparkcbse.co.in/assets/images/about/2025m3.jpg]
[www.greenparkcbse.co.in/management.html]
[www.greenparkcbse.co.in/assets/images/about/25a.jpg]
[www.greenparkcbse.co.in/assets/images/about/25inf1.jpg]
[www.greenparkcbse.co.in/assets/images/about/25inf2.jpg]
[www.greenparkcbse.co.in/assets/images/about/25inf3.jpg]
[www.greenparkcbse.co.in/assets/images/about/25inf4.jpg]
[www.greenparkcbse.co.in/assets/images/about/25inf5.jpg]
[www.greenparkcbse.co.in/assets/images/about/25inf6.jpg]
[www.greenparkcbse.co.in/assets/images/about/25inf8.jpg]
[www.greenparkcbse.co.in/assets/images/about/25inf9.jpg]
[www.greenparkcbse.co.in/assets/images/about/25inf10.jpg]
[www.greenparkcbse.co.in/assets/images/about/25inf11.jpg]
[www.greenparkcbse.co.in/assets/images/about/25inf7.jpg]
[www.greenparkcbse.co.in/inf.html]
[www.greenparkcbse.co.in/teach.html]
[www.greenparkcbse.co.in/assets/images/about/ach25a.jpg]
[www.greenparkcbse.co.in/achive.html]
[www.greenparkcbse.co.in/hat25.jpg]
[www.greenparkcbse.co.in/hat25a.jpg]
[www.greenparkcbse.co.in/a1.jpg]
[www.greenparkcbse.co.in/INST.png]
[www.greenparkcbse.co.in/assets/CLASS 6 - 9 TSE SYLLABUS.pdf]
[www.greenparkcbse.co.in/assets/XI CBSE HAT-2025 INSTRUCTIONS.pdf]
[www.greenparkcbse.co.in/adm.html]
[www.greenparkcbse.co.in/assets/images/gallery/1.jpg]
[www.greenparkcbse.co.in/assets/images/gallery/2.jpg]
[www.greenparkcbse.co.in/assets/images/gallery/3.jpg]
[www.greenparkcbse.co.in/assets/images/gallery/4.jpg]
[www.greenparkcbse.co.in/assets/images/gallery/5.jpg]
[www.greenparkcbse.co.in/assets/images/gallery/6.jpg]
[www.greenparkcbse.co.in/assets/images/gallery/7.jpg]
[www.greenparkcbse.co.in/assets/images/gallery/8.jpg]
[www.greenparkcbse.co.in/assets/images/gallery/9.jpg]
[www.greenparkcbse.co.in/gallery.html]
[www.greenparkcbse.co.in/news.html]
[www.greenparkcbse.co.in/assets/images/others/contact-me.jpg]
[www.greenparkcbse.co.in/assets/images/counterup/shape-02.png]
[www.greenparkcbse.co.in/cdn-cgi/l/email-protection.html]
[www.greenparkcbse.co.in/app.jpg]
[www.greenparkcbse.co.in/contact.html]
[www.greenparkcbse.co.in/index-3.html]
[www.greenparkcbse.co.in/cdn-cgi/scripts/5c5dd728/cloudflare-static/email-decode.min.js]
[cdn.jsdelivr.net/npm/bootstrap@5.1.3/dist/css/bootstrap.min.css]
[cdn.jsdelivr.net/npm/bootstrap@5.1.3/dist/js/bootstrap.bundle.min.js]
[www.greenparkcbse.co.in/2024-2025/Checklogin_stu24.html]
[www.greenparkcbse.co.in/2024-2025/css1/font-awesome.css]
[www.greenparkcbse.co.in/2024-2025/index24.html]
[www.greenparkcbse.co.in/assets/fonts/icomoon44784478.svg]
[www.greenparkcbse.co.in/2024-2025/css1/style.css]
[www.greenparkcbse.co.in/assets/fonts/remixicondf6ddf6d.svg]
[www.greenparkcbse.co.in/assets/css/fonts/lgd641d641.html]
[www.greenparkcbse.co.in/assets/images/icons/vimeo-play.html]
[www.greenparkcbse.co.in/assets/images/icons/video-play.html]
[www.greenparkcbse.co.in/assets/images/icons/youtube-play.html]
[www.greenparkcbse.co.in/assets/css/vendor/images/ui-bg_inset-hard_100_fcfdfd_1x100.html]
[www.greenparkcbse.co.in/assets/css/vendor/images/ui-bg_gloss-wave_55_5c9ccc_500x100.html]
[www.greenparkcbse.co.in/assets/css/vendor/images/ui-bg_glass_85_dfeffc_1x400.html]
[www.greenparkcbse.co.in/assets/css/vendor/images/ui-bg_glass_75_d0e5f5_1x400.html]
[www.greenparkcbse.co.in/assets/css/vendor/images/ui-bg_inset-hard_100_f5f8f9_1x100.html]
[www.greenparkcbse.co.in/assets/css/vendor/images/ui-bg_glass_95_fef1ec_1x400.html]
[www.greenparkcbse.co.in/assets/css/vendor/images/ui-icons_469bdd_256x240.html]
[www.greenparkcbse.co.in/assets/css/vendor/images/ui-icons_d8e7f3_256x240.html]
[www.greenparkcbse.co.in/assets/css/vendor/images/ui-icons_6da8d5_256x240.html]
[www.greenparkcbse.co.in/assets/css/vendor/images/ui-icons_217bc0_256x240.html]
[www.greenparkcbse.co.in/assets/css/vendor/images/ui-icons_f9bd01_256x240.html]
[www.greenparkcbse.co.in/assets/css/vendor/images/ui-icons_2e83ff_256x240.html]
[www.greenparkcbse.co.in/assets/css/vendor/images/ui-icons_cd0a0a_256x240.html]
[www.greenparkcbse.co.in/fonts.googleapis.com/css2b5e7b5e7.html]
[www.greenparkcbse.co.in/assets/images/bg/bg-image-20.svg]
[www.greenparkcbse.co.in/assets/images/cta/cta.svg]
[www.greenparkcbse.co.in/assets/images/bg/bg-image-4.svg]
[www.greenparkcbse.co.in/assets/images/cta/h-4-cta.svg]
[www.greenparkcbse.co.in/assets/images/bg/bg-image-6.svg]
[www.greenparkcbse.co.in/assets/images/bg/bg-image-5.svg]
[www.greenparkcbse.co.in/assets/images/bg/bg-image-1.svg]
[www.greenparkcbse.co.in/assets/images/preview/courses.html]
[www.greenparkcbse.co.in/assets/images/preview/inner-demo.html]
[www.greenparkcbse.co.in/assets/images/testimonial/shape-1.html]
[www.greenparkcbse.co.in/assets/images/bg/h8-testimonial-bg.svg]
[www.greenparkcbse.co.in/assets/images/testimonial/testimonial-1.html]
[www.greenparkcbse.co.in/assets/images/testimonial/testimonial-2.html]
[www.greenparkcbse.co.in/assets/images/bg/wave-banner.svg]
[www.greenparkcbse.co.in/assets/images/bg/features-bg-1.svg]
[www.greenparkcbse.co.in/assets/images/bg/features-bg-2.svg]
[www.greenparkcbse.co.in/assets/images/bg/features-bg-3.svg]
[www.greenparkcbse.co.in/assets/images/bg/features-bg-4.svg]
[www.greenparkcbse.co.in/assets/images/bg/bg-image-3.svg]
[www.greenparkcbse.co.in/assets/images/blog/shape-01.html]
[www.greenparkcbse.co.in/assets/images/bg/bg-image-2.svg]
[www.greenparkcbse.co.in/assets/images/bg/dark-bg-image-20.svg]
[www.greenparkcbse.co.in/cdn-cgi/l/email-protection.html]
[cdn.jsdelivr.net/npm/bootstrap@5.1.3/dist/css/bootstrap.min.css]
[www.greenparkcbse.co.in/2024-2025/Checklogin_stu24.html]
[www.greenparkcbse.co.in/2024-2025/index24e18c.html]
[www.greenparkcbse.co.in/2024-2025/fonts/fontawesome-webfont3e6e.eot]
[www.greenparkcbse.co.in/2024-2025/fonts/fontawesome-webfontd41d.eot]
[www.greenparkcbse.co.in/2024-2025/fonts/fontawesome-webfont3e6e.woff2]
[www.greenparkcbse.co.in/2024-2025/fonts/fontawesome-webfont3e6e.woff]
[www.greenparkcbse.co.in/2024-2025/fonts/fontawesome-webfont3e6e.ttf]
[www.greenparkcbse.co.in/2024-2025/fonts/fontawesome-webfont3e6e.svg]
[www.greenparkcbse.co.in/2024-2025/css1/font-awesome.css]
[www.greenparkcbse.co.in/2024-2025/images/banner.jpg]
[www.greenparkcbse.co.in/2024-2025/css1/style.css]
[www.greenparkcbse.co.in/2024-2025/index24e18c.html]
[www.greenparkcbse.co.in/2024-2025/fonts/fontawesome-webfont3e6e.html]
[www.greenparkcbse.co.in/2024-2025/fonts/fontawesome-webfontd41d.html]
[www.greenparkcbse.co.in/2024-2025/fonts/fontawesome-webfont3e6e-2.html]
[www.greenparkcbse.co.in/2024-2025/fonts/fontawesome-webfont3e6e-3.html]
[www.greenparkcbse.co.in/2024-2025/fonts/fontawesome-webfont3e6e-4.html]
[www.greenparkcbse.co.in/2024-2025/fonts/fontawesome-webfont3e6e-5.html]
[www.greenparkcbse.co.in/2024-2025/images/banner.html]
